connecting to PUNYBZ-NUC7I3BNHXF (Recon)
connected (Video channel) to 172.16.80.73:6400
metadata: <OMTInfo ProductName="omt" Manufacturer="open-media-transport" Version="0.1.0" />
sender says: Tally(Tally { preview: false, program: false })
connected (Audio channel) to 172.16.80.73:6400
metadata: <OMTInfo ProductName="omt" Manufacturer="open-media-transport" Version="0.1.0" />
sender says: Tally(Tally { preview: false, program: false })
   1.0s  video 640x360 30.00 fps | 28.0 fps received | 2.0 Mbit/s | audio 48000 Hz 2 ch, 3/28 frames with sound | decode errors 0
   2.1s  video 640x360 30.00 fps | 30.5 fps received | 2.1 Mbit/s | audio 48000 Hz 2 ch, 3/33 frames with sound | decode errors 0
   3.1s  video 640x360 30.00 fps | 31.1 fps received | 2.2 Mbit/s | audio 48000 Hz 2 ch, 3/32 frames with sound | decode errors 0
   4.1s  video 640x360 30.00 fps | 27.7 fps received | 2.0 Mbit/s | audio 48000 Hz 2 ch, 3/29 frames with sound | decode errors 0
disconnected (Video channel): None — retrying
disconnected (Audio channel): None — retrying
   5.1s  video 640x360 30.00 fps | 5.8 fps received | 0.5 Mbit/s | audio 48000 Hz 2 ch, 1/4 frames with sound | decode errors 0
   6.2s  video 640x360 30.00 fps | 0.0 fps received | 0.0 Mbit/s | audio 48000 Hz 2 ch, 0/0 frames with sound | decode errors 0
   7.2s  video 640x360 30.00 fps | 0.0 fps received | 0.0 Mbit/s | audio 48000 Hz 2 ch, 0/0 frames with sound | decode errors 0
   8.2s  video 640x360 30.00 fps | 0.0 fps received | 0.0 Mbit/s | audio 48000 Hz 2 ch, 0/0 frames with sound | decode errors 0
   9.3s  video 640x360 30.00 fps | 0.0 fps received | 0.0 Mbit/s | audio 48000 Hz 2 ch, 0/0 frames with sound | decode errors 0
  10.3s  video 640x360 30.00 fps | 0.0 fps received | 0.0 Mbit/s | audio 48000 Hz 2 ch, 0/0 frames with sound | decode errors 0
connected (Video channel) to 172.16.80.73:6400
metadata: <OMTInfo ProductName="omt" Manufacturer="open-media-transport" Version="0.1.0" />
sender says: Tally(Tally { preview: false, program: false })
connected (Audio channel) to 172.16.80.73:6400
metadata: <OMTInfo ProductName="omt" Manufacturer="open-media-transport" Version="0.1.0" />
sender says: Tally(Tally { preview: false, program: false })
  11.3s  video 640x360 30.00 fps | 1.0 fps received | 0.1 Mbit/s | audio 48000 Hz 2 ch, 0/0 frames with sound | decode errors 0
  12.3s  video 640x360 30.00 fps | 30.0 fps received | 2.1 Mbit/s | audio 48000 Hz 2 ch, 3/31 frames with sound | decode errors 0
  13.3s  video 640x360 30.00 fps | 29.9 fps received | 2.1 Mbit/s | audio 48000 Hz 2 ch, 3/29 frames with sound | decode errors 0
  14.3s  video 640x360 30.00 fps | 27.2 fps received | 1.9 Mbit/s | audio 48000 Hz 2 ch, 3/29 frames with sound | decode errors 0
  15.4s  video 640x360 30.00 fps | 29.8 fps received | 2.1 Mbit/s | audio 48000 Hz 2 ch, 3/30 frames with sound | decode errors 0
  16.4s  video 640x360 30.00 fps | 28.8 fps received | 2.0 Mbit/s | audio 48000 Hz 2 ch, 3/31 frames with sound | decode errors 0
  17.4s  video 640x360 30.00 fps | 31.2 fps received | 2.2 Mbit/s | audio 48000 Hz 2 ch, 3/32 frames with sound | decode errors 0
disconnected (Video channel): None — retrying
disconnected (Audio channel): None — retrying
  18.6s  video 640x360 30.00 fps | 10.0 fps received | 0.7 Mbit/s | audio 48000 Hz 2 ch, 1/11 frames with sound | decode errors 0
  19.6s  video 640x360 30.00 fps | 0.0 fps received | 0.0 Mbit/s | audio 48000 Hz 2 ch, 0/0 frames with sound | decode errors 0
  20.6s  video 640x360 30.00 fps | 0.0 fps received | 0.0 Mbit/s | audio 48000 Hz 2 ch, 0/0 frames with sound | decode errors 0
  21.7s  video 640x360 30.00 fps | 0.0 fps received | 0.0 Mbit/s | audio 48000 Hz 2 ch, 0/0 frames with sound | decode errors 0
